#-----------------------------------------------------------
# xsim v2019.2 (64-bit)
# SW Build 2708876 on Wed Nov  6 21:40:23 MST 2019
# IP Build 2700528 on Thu Nov  7 00:09:20 MST 2019
# Start of session at: Tue Sep 15 12:41:44 2026
# Process ID: 14024
# Current directory: D:/board-dev/UART/src/scripts/out/w1
# Command line: xsim.exe -log tb_pipe_soc.log -mode tcl -source {xsim.dir/tb_pipe_soc/xsim_script.tcl}
# Log file: D:/board-dev/UART/src/scripts/out/w1/tb_pipe_soc.log
# Journal file: D:/board-dev/UART/src/scripts/out/w1\xsim.jou
#-----------------------------------------------------------
source xsim.dir/tb_pipe_soc/xsim_script.tcl
# xsim {tb_pipe_soc} -autoloadwcfg -runall
Vivado Simulator 2019.2
Time resolution is 1 ps
run -all
PASS: 1 x2=0xAB (alu)
PASS: 2 x3=0xCD (mmio rd)
PASS: 3 x6=0 (TX rd=0)
PASS: 4 tx_cap=0xAB
PASS: 5 x5=7 (dmem rd)
PASS: 6 dmem[8]=7
=== ALL PASS ===
$finish called at time : 5026 ns : File "D:/board-dev/soc/test/tb_pipe_soc.v" Line 100
exit
INFO: [Common 17-206] Exiting xsim at Tue Sep 15 12:41:51 2026...
