#-----------------------------------------------------------
# xsim v2019.2 (64-bit)
# SW Build 2708876 on Wed Nov  6 21:40:23 MST 2019
# IP Build 2700528 on Thu Nov  7 00:09:20 MST 2019
# Start of session at: Tue Sep 15 12:41:44 2026
# Process ID: 13664
# Current directory: D:/board-dev/UART/src/scripts/out/w0
# Command line: xsim.exe -log tb_reset_sync.log -mode tcl -source {xsim.dir/tb_reset_sync/xsim_script.tcl}
# Log file: D:/board-dev/UART/src/scripts/out/w0/tb_reset_sync.log
# Journal file: D:/board-dev/UART/src/scripts/out/w0\xsim.jou
#-----------------------------------------------------------
source xsim.dir/tb_reset_sync/xsim_script.tcl
# xsim {tb_reset_sync} -autoloadwcfg -runall
Vivado Simulator 2019.2
Time resolution is 1 ps
run -all
PASS: 1 asserted async
PASS: 2 still rst after e1
PASS: 3 released after e2
PASS: 4 re-assert async
PASS: 5 hold e1
PASS: 6 release e2
=== ALL PASS ===
$finish called at time : 36 ns : File "D:/board-dev/soc/test/tb_reset_sync.v" Line 53
exit
INFO: [Common 17-206] Exiting xsim at Tue Sep 15 12:41:50 2026...
