#-----------------------------------------------------------
# xsim v2019.2 (64-bit)
# SW Build 2708876 on Wed Nov  6 21:40:23 MST 2019
# IP Build 2700528 on Thu Nov  7 00:09:20 MST 2019
# Start of session at: Tue Sep 15 12:41:29 2026
# Process ID: 4756
# Current directory: D:/board-dev/UART/src/scripts/out/w2
# Command line: xsim.exe -log tb_uart_ip_top.log -mode tcl -source {xsim.dir/tb_uart_ip_top/xsim_script.tcl}
# Log file: D:/board-dev/UART/src/scripts/out/w2/tb_uart_ip_top.log
# Journal file: D:/board-dev/UART/src/scripts/out/w2\xsim.jou
#-----------------------------------------------------------
source xsim.dir/tb_uart_ip_top/xsim_script.tcl
# xsim {tb_uart_ip_top} -autoloadwcfg -runall
Vivado Simulator 2019.2
Time resolution is 1 ps
run -all
PASS: 1 P1 TX rd=0
PASS: 2 P1 STAT rd=0
PASS: 3 P1 RX rd=0
PASS: 4 P1 rsv rd=0
PASS: 5 P1 cs=0 rd=0
PASS: 6 P1 tx idle high
PASS: 7 P2 STAT busy=1ÿÿÿÿÿÿÿÿ·)
PASS: 8 P2 start=0
PASS: 9 P2 data=0x5A LSÿÿÿ
PASS: 10 P2 stop=1
PASS: 11 P2 busy cleared
PASS: 12 P2 tx back idle
PASS: 13 P2 STAT busy=0
PASS: 14 P3 busy seen
PASS: 15 P3 cleared
PASS: 16 P3 no second frame (drop ok)
PASS: 17 P4 RX_VALID seen
PASS: 18 P4 RX byte=0x3C
PASS: 19 P4 rx_valid cleared
PASS: 20 P4 STAT valid=0
PASS: 21 P5 0x11 valid
PASS: 22 P5 still holds 0x11
PASS: 23 P5 RX keeps 0x11
PASS: 24 P5 cleared after read
PASS: 25 P6 write STAT noop
PASS: 26 P6 write RX noop
PASS: 27 P7 tx busy seen
PASS: 28 P7 RX_VALID seen (Tÿÿÿ§ÿÿÿÿÿ­)
PASS: 29 P7 tx busy during rx valid
PASS: 30 P7 STAT=2'b1ÿÿÿÿÿÿ°
PASS: 31 P7 tx done
PASS: 32 P7 frame capture done
PASS: 33 P7 tx frame=0x5A
PASS: 34 P7 RX byte=0x3C
PASS: 35 P7 rx_valid cleared
=== ALL PASS ===
$finish called at time : 4016 ns : File "D:/board-dev/UART/src/test/tb_uart_ip_top.v" Line 291
exit
INFO: [Common 17-206] Exiting xsim at Tue Sep 15 12:41:35 2026...
