#-----------------------------------------------------------
# xsim v2019.2 (64-bit)
# SW Build 2708876 on Wed Nov  6 21:40:23 MST 2019
# IP Build 2700528 on Thu Nov  7 00:09:20 MST 2019
# Start of session at: Tue Sep 15 12:41:29 2026
# Process ID: 25532
# Current directory: D:/board-dev/UART/src/scripts/out/w1
# Command line: xsim.exe -log tb_uart_rx.log -mode tcl -source {xsim.dir/tb_uart_rx/xsim_script.tcl}
# Log file: D:/board-dev/UART/src/scripts/out/w1/tb_uart_rx.log
# Journal file: D:/board-dev/UART/src/scripts/out/w1\xsim.jou
#-----------------------------------------------------------
source xsim.dir/tb_uart_rx/xsim_script.tcl
# xsim {tb_uart_rx} -autoloadwcfg -runall
Vivado Simulator 2019.2
Time resolution is 1 ps
run -all
PASS: 1 reset idle
PASS: 2 frame0x53 valid
PASS: 3 frame0x53 data
PASS: 4 0xA5 valid
PASS: 5 0xA5 data
PASS: 6 0x3C valid
PASS: 7 0x3C data
PASS: 8 frame-error no valid
PASS: 9 recover valid
PASS: 10 recover data
PASS: 11 glitch no frame
PASS: 12 post-glitch valid
PASS: 13 post-glitch data
=== ALL PASS ===
$finish called at time : 7245 ns : File "D:/board-dev/UART/src/test/tb_uart_rx.v" Line 154
exit
INFO: [Common 17-206] Exiting xsim at Tue Sep 15 12:41:35 2026...
